2
22
222
2222
22222
222222
2222222
22222222
222222222
every i := 1 to 30 do write(integer(repl("2",i))) ----> none
3
23
223
2223
22223
222223
2222223
22222223
222222223
2222222200.0
22222222000.0
222222220000.0
2.2222222e12
2.2222222e13
2.2222222e14
2.2222222e15
2.2222222e16
2.2222222e17
2.2222222e18
2.2222222e19
2.2222222e20
2.2222222e21
2.2222222e22
2.2222222e23
2.2222222e24
2.2222222e25
2.2222222e26
2.2222222e27
2.2222222e28
2.2222222e29
every i := 1 to 30 do write(repl("2",i) + 1) ----> none
Run-time error 101 at line 11 in std16.icn
integer expected
offending value: "a"
