string(2) ----> "2"
string(2.0) ----> "2.0"
string(2.7) ----> "2.7"
string("2") ----> "2"
string(" 2") ----> " 2"
string("2 ") ----> "2 "
string("+2") ----> "+2"
string("-2") ----> "-2"
string("- 2") ----> "- 2"
string(" -    2 ") ----> " -    2 "
string("") ----> ""
string("--2") ----> "--2"
string(" ") ----> " "
string("-") ----> "-"
string("+") ----> "+"
string(".") ----> "."
string(".3") ----> ".3"
string("0.3") ----> "0.3"
string(" . 3") ----> " . 3"
string("e2") ----> "e2"
string("22222222222222222222222222222222222222222222222222222222222") ----> "22222222222222222222222222222222222222222222222222222222222"
string("3e500") ----> "3e500"
string("7r4") ----> "7r4"
string("4r7") ----> "4r7"
string("4r 7") ----> "4r 7"
string("7r 4") ----> "7r 4"
string("16rff") ----> "16rff"
string("36rcat") ----> "36rcat"
string("36Rcat") ----> "36Rcat"
string("36rCAT") ----> "36rCAT"
string("1r1") ----> "1r1"
string("2r0") ----> "2r0"
Run-time error 102 at line 41 in std14.icn
numeric expected
offending value: "o"
