real(2) ----> 2.0
real(2.0) ----> 2.0
real(2.7) ----> 2.7
real("2") ----> 2.0
real(" 2") ----> 2.0
real("2 ") ----> 2.0
real("+2") ----> 2.0
real("-2") ----> -2.0
real("- 2") ----> none
real(" -    2 ") ----> none
real("") ----> none
real("--2") ----> none
real(" ") ----> none
real("-") ----> none
real("+") ----> none
real(".") ----> none
real(".3") ----> 0.3
real("0.3") ----> 0.3
real(" . 3") ----> none
real("e2") ----> none
real("22222222222222222222222222222222222222222222222222222222222") ----> none
real("3e500") ----> none
real("7r4") ----> 4.0
real("4r7") ----> none
real("4r 7") ----> none
real("7r 4") ----> none
real("16rff") ----> 255.0
real("36rcat") ----> 15941.0
real("36Rcat") ----> 15941.0
real("36rCAT") ----> 15941.0
real("1r1") ----> none
real("2r0") ----> 0.0
Run-time error 204 at line 41 in std13.icn
real overflow, underflow, or division by zero
