image(stop) ----> "function stop"
stop ----> function stop
 eginopst
