numeric(2) ----> 2
numeric(2.0) ----> 2.0
numeric(2.7) ----> 2.7
numeric(2) ----> 2
numeric(+2) ----> 2
numeric(-2) ----> -2
numeric() ----> none
numeric(.3) ----> 3
numeric(0.3) ----> 0.3
numeric(e2) ----> none
numeric(22222222222222222222222222222222222222222222222222222222222) ----> -1908874354
numeric(3e500) ----> 3.0
numeric(7r4) ----> 4
numeric(16rff) ----> 255
numeric(36rcat) ----> 15941
numeric(36Rcat) ----> 15941
numeric(36rCAT) ----> 15941
numeric(2r0) ----> 0
numeric(+-2) ----> -2
numeric(++2) ----> 2
numeric(--2) ----> 2
Run-time error 103 at line 30 in std30.icn
string expected
offending value: function numeric
