2
2
1
1
4
4
3
3
2
2
1
1
4
4
3
3
1
1
every write(("badc" | "edgf" | "x") ? write(upto(!&lcase))) ----> none
1
5
5
every write((("aeiou" | "foobaz") ? upto('dracula')) ? =(1 to 10)) ----> none
1
2
3
4
5
6
7
8
9
1
every write((1 to 10) ? move(1)) ----> none
Run-time error 103 at line 12 in std39.icn
string expected
offending value: []
