'a' ----> 'a'
'ab' ----> 'ab'
'\xb9' ----> '\271'
'\xb8\xb4' ----> '\264\270'
'\^d' ----> '\004'
'\^a\^d' ----> '\001\004'
"a" ----> "a"
"ab" ----> "ab"
"\xb9" ----> "\271"
"\xb8\xb4" ----> "\270\264"
"\^d" ----> "\004"
"\^a\^d" ----> "\001\004"
*'a' ----> 1
*'ab' ----> 2
*'\xb9' ----> 1
*'\xb8\xb4' ----> 2
*'\^d' ----> 1
*'\^a\^d' ----> 2
*"a" ----> 1
*"ab" ----> 2
*"\xb9" ----> 1
*"\xb8\xb4" ----> 2
*"\^d" ----> 1
*"\^a\^d" ----> 2
Run-time error 102 at line 33 in std40.icn
numeric expected
offending value: "a"
