i := 10 ----> 10
i =:= 9 ----> none
i ----> 10
i := 10 ----> 10
i =:= 10 ----> 10
i ----> 10
i := 10 ----> 10
i =:= 11 ----> none
i ----> 10
i := 10 ----> 10
i >=:= 9 ----> 9
i ----> 9
i := 10 ----> 10
i >=:= 10 ----> 10
i ----> 10
i := 10 ----> 10
i >=:= 11 ----> none
i ----> 10
i := 10 ----> 10
i >:= 9 ----> 9
i ----> 9
i := 10 ----> 10
i >:= 10 ----> none
i ----> 10
i := 10 ----> 10
i >:= 11 ----> none
i ----> 10
i := 10 ----> 10
i <=:= 9 ----> none
i ----> 10
i := 10 ----> 10
i <=:= 10 ----> 10
i ----> 10
i := 10 ----> 10
i <=:= 11 ----> 11
i ----> 11
i := 10 ----> 10
i <:= 9 ----> none
i ----> 10
i := 10 ----> 10
i <:= 10 ----> none
i ----> 10
i := 10 ----> 10
i <:= 11 ----> 11
i ----> 11
i := 10 ----> 10
i ~=:= 9 ----> 9
i ----> 9
i := 10 ----> 10
i ~=:= 10 ----> none
i ----> 10
i := 10 ----> 10
i ~=:= 11 ----> 11
i ----> 11
Run-time error 102 at line 63 in std41.icn
numeric expected
offending value: []
