numeric(2) ----> 2
numeric(2.0) ----> 2.0
numeric(2.7) ----> 2.7
numeric("2") ----> 2
numeric(" 2") ----> 2
numeric("2 ") ----> 2
numeric("+2") ----> 2
numeric("-2") ----> -2
numeric("- 2") ----> none
numeric(" -    2 ") ----> none
numeric("") ----> none
numeric("--2") ----> none
numeric(" ") ----> none
numeric("-") ----> none
numeric("+") ----> none
numeric(".") ----> none
numeric(".3") ----> 0.3
numeric("0.3") ----> 0.3
numeric(" . 3") ----> none
numeric("e2") ----> none
numeric("22222222222222222222222222222222222222222222222222222222222") ----> none
numeric("3e500") ----> none
numeric("7r4") ----> 4
numeric("4r7") ----> none
numeric("4r 7") ----> none
numeric("7r 4") ----> none
numeric("16rff") ----> 255
numeric("36rcat") ----> 15941
numeric("36Rcat") ----> 15941
numeric("36rCAT") ----> 15941
numeric("1r1") ----> none
numeric("2r0") ----> 0
Run-time error 201 at line 41 in std12.icn
division by zero
offending value: 0
