(1,2,3,4,5) ----> 5
1
2
3
4
5
every write((1 to 5)(1,2,3,4,5)) ----> none
0(1,2) ----> none
1(1) ----> 1
2(1) ----> none
(-1)(1,2,3) ----> 3
3(1,2,3,&fail) ----> none
a
a
b
b
c
c
a
a
b
b
c
c
a
a
b
b
c
c
a
a
b
b
c
c
a
a
b
b
c
c
every write(2(1 to 5,!"abc",1 to 2)) ----> none
Run-time error 106 at line 17 in std10.icn
procedure or integer expected
offending value: "a"
